Endpoints by Tag:

Diagnostics:
  POST   /diagnostics/triage/image                     Triage Image
  GET    /diagnostics/triage/session/{session_id}      Get Session
  POST   /diagnostics/triage/session/{session_id}/answer Triage Answer
  POST   /diagnostics/triage/session/{session_id}/text Triage Session Text
  POST   /diagnostics/triage/text                      Triage Text

Gateway:
  GET    /                                             Root
  GET    /health                                       Gateway Health

Medications:
  POST   /medicine-reminder/medications/               Create Medication
  GET    /medicine-reminder/medications/               Get Medications
  GET    /medicine-reminder/medications/{id}           Get Medication
  PUT    /medicine-reminder/medications/{id}           Update Medication
  DELETE /medicine-reminder/medications/{id}           Delete Medication
  POST   /medicine-reminder/medications/{id}/schedule  Create Schedule
  GET    /medicine-reminder/medications/{id}/schedule  Get Schedule
  PUT    /medicine-reminder/medications/{id}/schedule  Update Schedule

Mental Health:
  POST   /mental-health/chat/message                   Mental Health Chat Message
  POST   /mental-health/checkin/submit                 Mental Health Submit Checkin
  GET    /mental-health/checkin/today                  Mental Health Get Checkin Questions
  GET    /mental-health/health                         Mental Health Health

Prescriptions:
  GET    /medicine-reminder/prescriptions/             Get Prescriptions
  POST   /medicine-reminder/prescriptions/upload       Upload Prescription
  POST   /medicine-reminder/prescriptions/{id}/confirm Confirm Prescription Endpoint

Reminders:
  POST   /medicine-reminder/dose-events/{id}/mark      Mark Dose Event
  POST   /medicine-reminder/reminders/generate         Generate Reminders
  GET    /medicine-reminder/reminders/next             Get Next Reminders
  GET    /medicine-reminder/reminders/today            Get Todays Reminders

[+] Total endpoints: 26
[+] Total tags: 6
